window=1100x720
tree=3 indexed_files=3
tabs=1 cur=0 title=hello.p
lines=4 hl=1 gutter=48
typed=[    x: i32 = 42  # resposta0] dirty=1
undo=[    x: i32 = 42  # resposta]
redo=[    x: i32 = 42  # resposta0]
carets=2
palette=1 top=sub/notas.txt
tabs=2 cur=notas.txt hl_txt=0
cmds=1 top=Zoom In
zoom=2 cell=16
goto=3
find1=0:14
find2=1:7
clicked_tab=0
tree_expanded=4
status=[proj/hello.p*   2:11   LF   4 lines   1x]
##############################
##############################
###################### ####...
######################  ..    
######################        
######################        
######################        
######################        
######################        
######################        
saved=1 dirty=0
tabs=0
app-ok
