nlines=3 crlf=0
|defxy soma(a, b):
|    return a + b  # ok
|
carets: 0:5
undo1: |def soma(a, b):
undo2: |defA soma(a, b):
redo:  |defAB soma(a, b):
word=[a]
ncarets=2
|def somz(a, b):
|    return z + b  # ok
|
carets: 0:8 1:12
|def somP(a, b):
|    return Q + b  # ok
|
carets: 0:8 1:12
split: nlines=4 |    pass
join:  nlines=3
smart: |return a + b  # ok
word_left=1:4
home1=0
home2=4
|def soma(a, b!a + b  # ok
|
carets: 0:14
restore: nlines=3 |    return a + b  # ok
find(a+b)=1 1:11
find_back(def)=1 0:0
find_re(so.a)=1 0:4-8
cls(0,0)=1 cls(0,4)=0 cmt=4
tolerante=1
save=26 bytes
core-ok
