cell=8x16 base=12 adv=8 lh=16
w(abc)=24 w(áé□)=24 w3(abcdef)=24
end=28
                                        
 ++++++++++++++++++++++++++++++++++++++ 
 +....................................+ 
 +....................................+ 
 +..########..........................+ 
 +..########...##.....................+ 
 +..########...##......##.............+ 
 +..########...##......##.............+ 
 +..########.####......##.............+ 
 +..########.####......##.............+ 
 +..########...##......##.............+ 
 +..########...##......##.............+ 
 +...##..##....##......##.............+ 
 +...##..##....##.....###.............+ 
 +...##..##..######...###.............+ 
 +.....................#..............+ 
 +....................................+ 
 +....................................+ 
 +....................................+ 
 +....................................+ 
 ++++++++++++++++++++++++++++++++++++++ 
                                        
isect=5,5,5,5 in=1 out=0 empty=1
