cell=8x17 base=13 adv=8 lh=17
w(abc)=24 w(áé□)=24 w3(abcdef)=24
end=28
                                        
 ++++++++++++++++++++++++++++++++++++++ 
 +....................................+ 
 +....................................+ 
 +..########..........................+ 
 +..########..........................+ 
 +..########...##......##.............+ 
 +..########...##......##.............+ 
 +..########.####......##.............+ 
 +..########.####......##.............+ 
 +..########...##......##.............+ 
 +..########...##......##.............+ 
 +...##..##....##......##.............+ 
 +...##..##....##......##.............+ 
 +...##..##..#######...##.............+ 
 +...##..##..#######..###.............+ 
 +.....................##.............+ 
 +....................................+ 
 +....................................+ 
 +....................................+ 
 ++++++++++++++++++++++++++++++++++++++ 
                                        
isect=5,5,5,5 in=1 out=0 empty=1
