editor commands=28
with the IDE=40
build offered=True first=Build
asked=True target=[] run=False
run asked=True and runs=True
busy=[a build is already running] asked=False
targets offered=1 top=build/bin/pcode
target asked=[build/bin/pcode]
positioned=True 2:5
went=True
caret=2:5 mark=4
noise ignored=True
asking=[dependency (name@version)]
refused=[a dependency is `name@version` — v1 has no resolver] dep=[]
accepted dep=[tar@0.1.0]
default=[build/bin/pforge] and did not build=True
stop=True kill=True
clean=True msg=[cleaning...]
toolbar=True outline=True dock=True
outline shut=True
outline rows=1 first=[main] at=1
jumped to line=1
after typing=2 last=[second]
dock page=2 of 4
dock shut=True
and a build reopens it=True at page=0
remembered: tree=220 outline_open=True dock_open=True target=[build/bin/pcode]
ide-ok
