[] Zg== Zm8= Zm9v
Zm9vYg== Zm9vYmE= Zm9vYmFy
std   +/+/
url   -_-_
nopad Zm8
both  -_8
aceita Zm8= -> 2 bytes
aceita Zm8 -> 2 bytes
aceita -_-_ -> 3 bytes
aceita +/+_ -> 3 bytes
caractere de fora: True
um caractere so: True
bits a mais: True
e sem bits a mais passa: True
000fa5ff A5
le as duas caixas: 000fa5ff
impar: True
nao e hex: True
vazio: [] 0
todos os bytes: True True
cada comprimento ate 20: True
codec-ok
