tests/pscript/run/postmortem.psc:38: error: estourou de propósito
  in bottom (tests/pscript/run/postmortem.psc:38)
      c = Box(name='caixa-um', pts=[Pt(x=1, y=2), Pt(x=3, y=4)])
      label = 'no fundo'
      tags = ['a', 'b']
      map_d = {'k': 1}
  in middle (tests/pscript/run/postmortem.psc:42)
      c = Box(name='caixa-um', pts=[Pt(x=1, y=2), Pt(x=3, y=4)])
      who = 'caixa-um'
  in <main> (tests/pscript/run/postmortem.psc:45)
