caught: integer division by zero
tests/pscript/run/trace_full.psc:16: error: integer division by zero
  in raises (tests/pscript/run/trace_full.psc:16)
      tag = 'inner'
  in deeper (tests/pscript/run/trace_full.psc:33)
      s = 'd'
  in middle (tests/pscript/run/trace_full.psc:38)
      t = 'm'
  in <main> (tests/pscript/run/trace_full.psc:41)
