slots 2: 1 2.5
divide 3 rest 2
parens 2 1
bare 10 20 / 123
nested 2 3
board 2: origin far
in True False
after remove 1
same key by content
eq True False
ref-tuple item3 30
still kept across a collection 1 3
module-level declared at the top 99
rows 4 row0 9
walked row0row1row2row3
[('row0', 0), ('row1', 1), ('row2', 4), ('row3', 9)]
(1, 'two', 3.5)
